// Jest Snapshot v1, https://goo.gl/fbAQLP

exports[`Pruebas en el <CounterApp /> debe de hacer match con el snapshot 1`] = `undefined`;

exports[`Pruebas en el <CounterApp /> debe de hacer match conel snapshot 1`] = `undefined`;
